E                                                                        [100%]
==================================== ERRORS ====================================
__ ERROR at setup of test_pg_create_is_a_shutdown_visible_inflight_operation ___

monkeypatch = <_pytest.monkeypatch.MonkeyPatch object at 0x77d789251190>

    @pytest.fixture
    def _pg_l1_runtime(monkeypatch):
        """Own only the three reviewed PG races, including failed assertions."""
        cores = []
        threads = []
        violations = []
        real_start = threading.Thread.start
        real_join = threading.Thread.join
    
        def forbidden(*_args, **_kwargs):
            violations.append("unexpected runtime boundary")
            pytest.fail("bounded PG race attempted unmodelled runtime work")
    
        def start(thread):
            if len(threads) >= 4 or thread.name not in (
                "miniray-core-reference-events", "miniray-core-worker-coordinator",
                "miniray-core-worker-dispatch-0", "miniray-pg-test-caller",
            ):
                forbidden()
            threads.append(thread)
            return real_start(thread)
    
        def join(thread, timeout=None):
            if thread not in threads or timeout is None or not 0 <= timeout <= 1.0:
                forbidden()
            return real_join(thread, timeout)
    
        def initial_rpc(_self, _address, handler, request):
            # Install before Core startup: a coordinator poll cannot reach a real
            # GCS between constructor return and the case's RPC replacement.
            if handler != "get_worker_deaths" or not isinstance(request, protocol.GetWorkerDeaths):
                forbidden()
            return protocol.GetWorkerDeathsReply(request.after_epoch, request.after_epoch, ())
    
        monkeypatch.setattr(CoreWorker, "_rpc", initial_rpc)
        monkeypatch.setattr(threading.Thread, "start", start)
        monkeypatch.setattr(threading.Thread, "join", join)
        for owner, name in (
            (threading.Timer, "start"), (subprocess, "Popen"),
            (multiprocessing.process.BaseProcess, "start"),
            (multiprocessing.process.BaseProcess, "join"), (time, "sleep"),
            (core_module, "rpc_request"), (transport_module, "rpc_request"),
        ):
>           monkeypatch.setattr(owner, name, forbidden)
E           AttributeError: <module 'miniray.transport' from '/dev/shm/mini-ray-cleanup-candidates/base-k7heavy-01/src/miniray/transport.py'> has no attribute 'rpc_request'

tests/unit/test_core_placement_group_scheduling.py:1177: AttributeError
=========================== short test summary info ============================
ERROR tests/unit/test_core_placement_group_scheduling.py::test_pg_create_is_a_shutdown_visible_inflight_operation
1 error in 1.94s
