F                                                                        [100%]
=================================== FAILURES ===================================
_________ test_shutdown_retries_retained_edge_obligation_before_clean __________

monkeypatch = <_pytest.monkeypatch.MonkeyPatch object at 0x79650aaad040>

    @pytest.mark.unit
    @pytest.mark.usefixtures('_no_edge_retry_runtime')
    def test_shutdown_retries_retained_edge_obligation_before_clean(monkeypatch):
        f=_EdgeRetryFixture(monkeypatch)
        try:
            f.register();f.adopt_finish();c=f.core
            _edge_release_local(f.ref);_edge_drain_notices(c)
            obligation=c._object_gc_obligations[f.ref.object_id]
            plan=obligation.plan
>           assert 1<=len(f.release_calls)<=2 and not f.released
E           AssertionError: assert (3 <= 2)
E            +  where 3 = len([ReleaseContainedReference(object_id=ObjectID(task_id=TaskID('4955054693832fba86db11f301d26ae3'), return_index=0), own...oken='output-publication-handoff:3c3ae902da13578da05f5bc4860e3d354ef52d7e470fe63d7a8d2e48c6609490:slot:0:transfer:0'))])
E            +    where [ReleaseContainedReference(object_id=ObjectID(task_id=TaskID('4955054693832fba86db11f301d26ae3'), return_index=0), own...oken='output-publication-handoff:3c3ae902da13578da05f5bc4860e3d354ef52d7e470fe63d7a8d2e48c6609490:slot:0:transfer:0'))] = <test_contained_edge_runtime._EdgeRetryFixture object at 0x79650aaeac60>.release_calls

tests/unit/test_contained_edge_runtime.py:273: AssertionError
=========================== short test summary info ============================
FAILED tests/unit/test_contained_edge_runtime.py::test_shutdown_retries_retained_edge_obligation_before_clean
1 failed in 1.15s
