F.....                                                                   [100%]
=================================== FAILURES ===================================
_ test_owner_cas_receipt_restores_inline_custody_for_node_loss_after_scratch_cache_disappears _

monkeypatch = <_pytest.monkeypatch.MonkeyPatch object at 0x7befe3bc41a0>

    def test_owner_cas_receipt_restores_inline_custody_for_node_loss_after_scratch_cache_disappears(monkeypatch):
        fixture, node, core, pending, reply, calls, rpc = _fixture(refs=False, stored=False)
        identity, envelope = fixture.id, reply.output_publication
        commit = core.owner_table.commit_output_publication
        def effect_then_error(plan):
            receipt = commit(plan)
            assert receipt.committed
            raise RuntimeError("owner committed before local handoff failed")
        monkeypatch.setattr(core.owner_table, "commit_output_publication", effect_then_error)
        try:
            assert not core._publish_reply(pending, reply, expected_node_id=node.node_id, expected_lease_id=identity.lease_id)
            before = core.owner_table.snapshot(pending.object_id)
            assert before.state is ObjectState.READY_INLINE and before.inline_data == fixture.values.payloads[0]
            assert core.owner_table.output_owner_result(pending.object_id) == envelope.results[0]
            assert core.owner_table.output_owner_publication(pending.object_id).manifest == envelope.manifest
            # Match the original recovery boundary: drop only transient custody,
            # retaining the real CAS receipt, owner bytes, handoff and finish marker.
            core._output_result_custody.clear()
            assert core._task_finish_barriers[pending.object_id] is pending
            incarnation = envelope.manifest.header.node_incarnation
            death = protocol.NodeDeathRecord(
                "receipt-publisher-exit", node.node_id, incarnation.node_pid, incarnation.registration_epoch,
                1, 7, protocol.NodeDeathReason.PROCESS_EXIT, "explicit Node loss fact",
            )
            core._dead_nodes[node.node_id] = death
            monkeypatch.setattr(core, "_retry_system_failure", lambda *_a, **_k: pytest.fail("owner bytes became ordinary retry"))
            assert core._drive_output_node_loss(pending, _OutputNodeLossObligation(identity, death))
            after = core.owner_table.snapshot(pending.object_id)
>           assert after.state is ObjectState.READY_INLINE and after.inline_data == before.inline_data
E           AssertionError: assert (<ObjectState.LOST: 'LOST'> is <ObjectState.READY_INLINE: 'READY_INLINE'>)
E            +  where <ObjectState.LOST: 'LOST'> = ObjectOwnerSnapshot(object_id=ObjectID(task_id=TaskID('02020202020202020202020202020202'), return_index=0), state=<Obj..._edges=frozenset(), collection_pending=False, collection_plan=None, output_publication=None, output_retirement_id=None).state
E            +  and   <ObjectState.READY_INLINE: 'READY_INLINE'> = ObjectState.READY_INLINE

tests/unit/test_core_output_receipt_loss.py:52: AssertionError
=========================== short test summary info ============================
FAILED tests/unit/test_core_output_receipt_loss.py::test_owner_cas_receipt_restores_inline_custody_for_node_loss_after_scratch_cache_disappears
1 failed, 5 passed in 2.21s
