F                                                                        [100%]
=================================== FAILURES ===================================
________ test_outcome_reply_rejects_orphan_overlap_extra_and_reordering ________

    @pytest.mark.unit
    def test_outcome_reply_rejects_orphan_overlap_extra_and_reordering() -> None:
        node, request, grant, object_id = _node_fixture()
        second_id = ObjectID(request.task_id, 1)
        first = protocol.ObjectStoreDescriptor(
            object_id, request.requester_worker_id, request.attempt_id, node.node_id,
            1, hashlib.sha256(b"a").hexdigest(),
        )
        second = protocol.ObjectStoreDescriptor(
            second_id, request.requester_worker_id, request.attempt_id, node.node_id,
            1, hashlib.sha256(b"b").hexdigest(),
        )
        values = dict(
            lease_id=request.lease_id, task_id=request.task_id,
            attempt_id=request.attempt_id, executor_worker_id=grant.worker_id,
            owner_worker_id=request.requester_worker_id,
            object_ids=(object_id, second_id), node_id=node.node_id, found=True,
            worker_alive=False, state=protocol.LeaseExecutionState.WORKER_LOST,
        )
        with pytest.raises(ProtocolError, match="disjoint"):
>           protocol.GetWorkerLeaseOutcomeReply(
                **values, descriptors=(first,), orphan_descriptors=(first,),
            )

tests/unit/test_worker_crash_supervisor.py:483: 
_ _ _ _ _ _ _ _ _ _ _ _ _ _ _ _ _ _ _ _ _ _ _ _ _ _ _ _ _ _ _ _ _ _ _ _ _ _ _ _ 
<string>:21: in __init__
    ???
src/miniray/protocol.py:2839: in __post_init__
    request = GetWorkerLeaseOutcome(
<string>:10: in __init__
    ???
_ _ _ _ _ _ _ _ _ _ _ _ _ _ _ _ _ _ _ _ _ _ _ _ _ _ _ _ _ _ _ _ _ _ _ _ _ _ _ _ 

self = GetWorkerLeaseOutcome(lease_id=LeaseID('db24734ab0557953d026fe6d12238a31'), task_id=TaskID('33bb7517bed77e47ffebc01988...), return_index=0), ObjectID(task_id=TaskID('33bb7517bed77e47ffebc019883599cc'), return_index=1)), scheduling_key=None)

    def __post_init__(self) -> None:
        _validate_lease_execution_identity(
            self.lease_id,
            self.task_id,
            self.attempt_id,
            self.executor_worker_id,
            "worker lease outcome query",
        )
        if not isinstance(self.owner_worker_id, WorkerID):
            raise ProtocolError(
                "worker lease outcome owner_worker_id must be a WorkerID"
            )
        object_ids = tuple(self.object_ids)
        if any(not isinstance(object_id, ObjectID) for object_id in object_ids):
            raise ProtocolError(
                "worker lease outcome object_ids must contain ObjectID values"
            )
        if any(object_id.task_id != self.task_id for object_id in object_ids):
            raise ProtocolError(
                "worker lease outcome objects must belong to task_id"
            )
        if len(object_ids) != len(set(object_ids)):
            raise ProtocolError(
                "worker lease outcome object_ids must be unique"
            )
        if object_ids and object_ids != (ObjectID(self.task_id, 0),):
>           raise ProtocolError("worker lease outcome requires the single task return at index 0")
E           miniray.errors.ProtocolError: worker lease outcome requires the single task return at index 0

src/miniray/protocol.py:2804: ProtocolError

During handling of the above exception, another exception occurred:

    @pytest.mark.unit
    def test_outcome_reply_rejects_orphan_overlap_extra_and_reordering() -> None:
        node, request, grant, object_id = _node_fixture()
        second_id = ObjectID(request.task_id, 1)
        first = protocol.ObjectStoreDescriptor(
            object_id, request.requester_worker_id, request.attempt_id, node.node_id,
            1, hashlib.sha256(b"a").hexdigest(),
        )
        second = protocol.ObjectStoreDescriptor(
            second_id, request.requester_worker_id, request.attempt_id, node.node_id,
            1, hashlib.sha256(b"b").hexdigest(),
        )
        values = dict(
            lease_id=request.lease_id, task_id=request.task_id,
            attempt_id=request.attempt_id, executor_worker_id=grant.worker_id,
            owner_worker_id=request.requester_worker_id,
            object_ids=(object_id, second_id), node_id=node.node_id, found=True,
            worker_alive=False, state=protocol.LeaseExecutionState.WORKER_LOST,
        )
>       with pytest.raises(ProtocolError, match="disjoint"):
             ^^^^^^^^^^^^^^^^^^^^^^^^^^^^^^^^^^^^^^^^^^^^^^
E       AssertionError: Regex pattern did not match.
E        Regex: 'disjoint'
E        Input: 'worker lease outcome requires the single task return at index 0'

tests/unit/test_worker_crash_supervisor.py:482: AssertionError
=========================== short test summary info ============================
FAILED tests/unit/test_worker_crash_supervisor.py::test_outcome_reply_rejects_orphan_overlap_extra_and_reordering
1 failed in 1.44s
